------------------------------------------------------------
TimeQuest Timing Analyzer Summary
------------------------------------------------------------

Type  : Slow 1100mV 85C Model Setup 'pll0|altpll_component|auto_generated|generic_pll2~PLL_OUTPUT_COUNTER|divclk'
Slack : 3.290
TNS   : 0.000

Type  : Slow 1100mV 85C Model Setup 'pll0|altpll_component|auto_generated|generic_pll1~PLL_OUTPUT_COUNTER|divclk'
Slack : 11.798
TNS   : 0.000

Type  : Slow 1100mV 85C Model Hold 'pll0|altpll_component|auto_generated|generic_pll1~PLL_OUTPUT_COUNTER|divclk'
Slack : 0.476
TNS   : 0.000

Type  : Slow 1100mV 85C Model Hold 'pll0|altpll_component|auto_generated|generic_pll2~PLL_OUTPUT_COUNTER|divclk'
Slack : 27.570
TNS   : 0.000

Type  : Slow 1100mV 85C Model Recovery 'pll0|altpll_component|auto_generated|generic_pll1~PLL_OUTPUT_COUNTER|divclk'
Slack : 31.984
TNS   : 0.000

Type  : Slow 1100mV 85C Model Removal 'pll0|altpll_component|auto_generated|generic_pll1~PLL_OUTPUT_COUNTER|divclk'
Slack : 1.552
TNS   : 0.000

Type  : Slow 1100mV 85C Model Minimum Pulse Width 'pll0|altpll_component|auto_generated|generic_pll1~FRACTIONAL_PLL|vcoph[0]'
Slack : 1.543
TNS   : 0.000

Type  : Slow 1100mV 85C Model Minimum Pulse Width 'pll0|altpll_component|auto_generated|generic_pll2~PLL_OUTPUT_COUNTER|divclk'
Slack : 16.937
TNS   : 0.000

Type  : Slow 1100mV 85C Model Minimum Pulse Width 'pll0|altpll_component|auto_generated|generic_pll1~PLL_OUTPUT_COUNTER|divclk'
Slack : 17.722
TNS   : 0.000

Type  : Slow 1100mV 85C Model Minimum Pulse Width 'CLOCK_27'
Slack : 18.310
TNS   : 0.000

Type  : Slow 1100mV 0C Model Setup 'pll0|altpll_component|auto_generated|generic_pll2~PLL_OUTPUT_COUNTER|divclk'
Slack : 3.447
TNS   : 0.000

Type  : Slow 1100mV 0C Model Setup 'pll0|altpll_component|auto_generated|generic_pll1~PLL_OUTPUT_COUNTER|divclk'
Slack : 11.225
TNS   : 0.000

Type  : Slow 1100mV 0C Model Hold 'pll0|altpll_component|auto_generated|generic_pll1~PLL_OUTPUT_COUNTER|divclk'
Slack : 0.459
TNS   : 0.000

Type  : Slow 1100mV 0C Model Hold 'pll0|altpll_component|auto_generated|generic_pll2~PLL_OUTPUT_COUNTER|divclk'
Slack : 27.524
TNS   : 0.000

Type  : Slow 1100mV 0C Model Recovery 'pll0|altpll_component|auto_generated|generic_pll1~PLL_OUTPUT_COUNTER|divclk'
Slack : 31.987
TNS   : 0.000

Type  : Slow 1100mV 0C Model Removal 'pll0|altpll_component|auto_generated|generic_pll1~PLL_OUTPUT_COUNTER|divclk'
Slack : 1.496
TNS   : 0.000

Type  : Slow 1100mV 0C Model Minimum Pulse Width 'pll0|altpll_component|auto_generated|generic_pll1~FRACTIONAL_PLL|vcoph[0]'
Slack : 1.543
TNS   : 0.000

Type  : Slow 1100mV 0C Model Minimum Pulse Width 'pll0|altpll_component|auto_generated|generic_pll2~PLL_OUTPUT_COUNTER|divclk'
Slack : 16.888
TNS   : 0.000

Type  : Slow 1100mV 0C Model Minimum Pulse Width 'pll0|altpll_component|auto_generated|generic_pll1~PLL_OUTPUT_COUNTER|divclk'
Slack : 17.629
TNS   : 0.000

Type  : Slow 1100mV 0C Model Minimum Pulse Width 'CLOCK_27'
Slack : 18.329
TNS   : 0.000

Type  : Fast 1100mV 85C Model Setup 'pll0|altpll_component|auto_generated|generic_pll2~PLL_OUTPUT_COUNTER|divclk'
Slack : 6.422
TNS   : 0.000

Type  : Fast 1100mV 85C Model Setup 'pll0|altpll_component|auto_generated|generic_pll1~PLL_OUTPUT_COUNTER|divclk'
Slack : 20.172
TNS   : 0.000

Type  : Fast 1100mV 85C Model Hold 'pll0|altpll_component|auto_generated|generic_pll1~PLL_OUTPUT_COUNTER|divclk'
Slack : 0.178
TNS   : 0.000

Type  : Fast 1100mV 85C Model Hold 'pll0|altpll_component|auto_generated|generic_pll2~PLL_OUTPUT_COUNTER|divclk'
Slack : 27.599
TNS   : 0.000

Type  : Fast 1100mV 85C Model Recovery 'pll0|altpll_component|auto_generated|generic_pll1~PLL_OUTPUT_COUNTER|divclk'
Slack : 34.242
TNS   : 0.000

Type  : Fast 1100mV 85C Model Removal 'pll0|altpll_component|auto_generated|generic_pll1~PLL_OUTPUT_COUNTER|divclk'
Slack : 0.674
TNS   : 0.000

Type  : Fast 1100mV 85C Model Minimum Pulse Width 'pll0|altpll_component|auto_generated|generic_pll1~FRACTIONAL_PLL|vcoph[0]'
Slack : 1.543
TNS   : 0.000

Type  : Fast 1100mV 85C Model Minimum Pulse Width 'pll0|altpll_component|auto_generated|generic_pll2~PLL_OUTPUT_COUNTER|divclk'
Slack : 17.420
TNS   : 0.000

Type  : Fast 1100mV 85C Model Minimum Pulse Width 'CLOCK_27'
Slack : 17.855
TNS   : 0.000

Type  : Fast 1100mV 85C Model Minimum Pulse Width 'pll0|altpll_component|auto_generated|generic_pll1~PLL_OUTPUT_COUNTER|divclk'
Slack : 18.068
TNS   : 0.000

Type  : Fast 1100mV 0C Model Setup 'pll0|altpll_component|auto_generated|generic_pll2~PLL_OUTPUT_COUNTER|divclk'
Slack : 6.640
TNS   : 0.000

Type  : Fast 1100mV 0C Model Setup 'pll0|altpll_component|auto_generated|generic_pll1~PLL_OUTPUT_COUNTER|divclk'
Slack : 20.628
TNS   : 0.000

Type  : Fast 1100mV 0C Model Hold 'pll0|altpll_component|auto_generated|generic_pll1~PLL_OUTPUT_COUNTER|divclk'
Slack : 0.169
TNS   : 0.000

Type  : Fast 1100mV 0C Model Hold 'pll0|altpll_component|auto_generated|generic_pll2~PLL_OUTPUT_COUNTER|divclk'
Slack : 27.575
TNS   : 0.000

Type  : Fast 1100mV 0C Model Recovery 'pll0|altpll_component|auto_generated|generic_pll1~PLL_OUTPUT_COUNTER|divclk'
Slack : 34.424
TNS   : 0.000

Type  : Fast 1100mV 0C Model Removal 'pll0|altpll_component|auto_generated|generic_pll1~PLL_OUTPUT_COUNTER|divclk'
Slack : 0.625
TNS   : 0.000

Type  : Fast 1100mV 0C Model Minimum Pulse Width 'pll0|altpll_component|auto_generated|generic_pll1~FRACTIONAL_PLL|vcoph[0]'
Slack : 1.543
TNS   : 0.000

Type  : Fast 1100mV 0C Model Minimum Pulse Width 'pll0|altpll_component|auto_generated|generic_pll2~PLL_OUTPUT_COUNTER|divclk'
Slack : 17.418
TNS   : 0.000

Type  : Fast 1100mV 0C Model Minimum Pulse Width 'CLOCK_27'
Slack : 17.805
TNS   : 0.000

Type  : Fast 1100mV 0C Model Minimum Pulse Width 'pll0|altpll_component|auto_generated|generic_pll1~PLL_OUTPUT_COUNTER|divclk'
Slack : 18.064
TNS   : 0.000

------------------------------------------------------------
